// Jest Snapshot v1, https://goo.gl/fbAQLP

exports[`postcss-modules-extends-rule/post works 1`] = `".blue {color: blue} .a {color: blue}"`;
